{"event_id":"1001","timestamp":"2018-10-08T07:16:50Z","sensor":"sensor1","src_ip":"10.0.0.1","src_port":0,"dst_ip":"8.8.8.8","dst_port":0,"protocol":""}